// Jest Snapshot v1, https://goo.gl/fbAQLP

exports[`renders without crashing 1`] = `
<div
  className="undefined font-bold"
>
  <h1>
    Demo App
  </h1>
  <p>
    This is a Paragraph
  </p>
  <img
    src={{}}
  />
</div>
`;
